// Jest Snapshot v1, https://goo.gl/fbAQLP

exports[`WelcomeComponent should render correctly 1`] = `
"<body><div><welcome class=\\"au-target\\" au-target-id=\\"6\\">
  <section class=\\"au-animate\\">
    <h2>Welcome to the Aurelia Navigation App</h2>
    <form role=\\"form\\" submit.delegate=\\"submit()\\" class=\\"au-target\\" au-target-id=\\"2\\">
      <div class=\\"form-group\\">
        <label for=\\"fn\\">First Name</label>
        <input type=\\"text\\" value.bind=\\"firstName\\" class=\\"form-control au-target\\" id=\\"fn\\" placeholder=\\"first name\\" au-target-id=\\"3\\">
      </div>
      <div class=\\"form-group\\">
        <label for=\\"ln\\">Last Name</label>
        <input type=\\"text\\" value.bind=\\"lastName\\" class=\\"form-control au-target\\" id=\\"ln\\" placeholder=\\"last name\\" au-target-id=\\"4\\">
      </div>
      <div class=\\"form-group\\">
        <label>Full Name</label>
        <p class=\\"help-block\\">JOHN DOE</p>
      </div>
      <button type=\\"submit\\" class=\\"btn btn-default\\">Submit</button>
    </form>
  </section>
</welcome></div></body>"
`;
